{
  "name": "something",
  "nested": {
    "field": "foo",
    "field2": "bar"
  },
  "other": "baz"
}